// Jest Snapshot v1, https://goo.gl/fbAQLP

exports[`Test for AdminDashBoard Should render a <p> with text when no data 1`] = `
<div
  className="container"
>
  <header>
    <img
      alt="header logo"
      className="header-logo"
      src="test-file-stub"
    />
    <nav>
      <ul
        className="nav"
      >
        <li>
          <a
            className="btn nav-btn nav-link"
            href="/"
            onClick={[Function]}
          >
            Home
          </a>
        </li>
        <li>
          <a
            className="btn nav-btn nav-link"
            href="/undefined"
            onClick={[Function]}
          >
            Logout
          </a>
        </li>
      </ul>
    </nav>
  </header>
  <main>
    <section
      className="admin-container"
    >
      <nav
        className="admin-panel-1 background-tertiary text-primary admin-panel-1-text"
      >
        <p>
          Admin Panel
        </p>
        <p>
          Welcome, Admin 
          <span
            id="displayAdminUser"
          />
        </p>
        <p>
          <label
            htmlFor="filter-by"
          >
            Filter Requests
          </label>
          <select
            id="filter-by"
            name="filter-by"
            onChange={[Function]}
          >
            <option
              value="none"
            >
              none
            </option>
            <option
              value="approved"
            >
              approved
            </option>
            <option
              value="pending"
            >
              pending
            </option>
            <option
              value="rejected"
            >
              rejected
            </option>
            <option
              value="resolved"
            >
              resolved
            </option>
          </select>
        </p>
      </nav>
    </section>
    <section>
      <div
        className="table-container"
      >
        <table>
          <thead>
            <tr>
              <th>
                Request Id
              </th>
              <th>
                Status
              </th>
              <th>
                Request Title
              </th>
              <th>
                Action
              </th>
              <th>
                Resolved
              </th>
            </tr>
          </thead>
          <tbody>
            <p>
              No Requests Yet...
            </p>
          </tbody>
        </table>
      </div>
    </section>
  </main>
</div>
`;

exports[`Test for AdminDashBoard Should render properly on change and cick event 1`] = `
<div
  className="container"
>
  <header>
    <img
      alt="header logo"
      className="header-logo"
      src="test-file-stub"
    />
    <nav>
      <ul
        className="nav"
      >
        <li>
          <a
            className="btn nav-btn nav-link"
            href="/"
            onClick={[Function]}
          >
            Home
          </a>
        </li>
        <li>
          <a
            className="btn nav-btn nav-link"
            href="/undefined"
            onClick={[Function]}
          >
            Logout
          </a>
        </li>
      </ul>
    </nav>
  </header>
  <main>
    <section
      className="admin-container"
    >
      <nav
        className="admin-panel-1 background-tertiary text-primary admin-panel-1-text"
      >
        <p>
          Admin Panel
        </p>
        <p>
          Welcome, Admin 
          <span
            id="displayAdminUser"
          />
        </p>
        <p>
          <label
            htmlFor="filter-by"
          >
            Filter Requests
          </label>
          <select
            id="filter-by"
            name="filter-by"
            onChange={[Function]}
          >
            <option
              value="none"
            >
              none
            </option>
            <option
              value="approved"
            >
              approved
            </option>
            <option
              value="pending"
            >
              pending
            </option>
            <option
              value="rejected"
            >
              rejected
            </option>
            <option
              value="resolved"
            >
              resolved
            </option>
          </select>
        </p>
      </nav>
    </section>
    <section>
      <div
        className="table-container"
      >
        <table>
          <thead>
            <tr>
              <th>
                Request Id
              </th>
              <th>
                Status
              </th>
              <th>
                Request Title
              </th>
              <th>
                Action
              </th>
              <th>
                Resolved
              </th>
            </tr>
          </thead>
          <tbody>
            <tr>
              <td
                className="request-id"
              >
                47
              </td>
              <td>
                pending
              </td>
              <td>
                <p
                  className="request-title"
                >
                  Service the generator
                </p>
              </td>
              <td>
                <button
                  className="admin-table-btn accept-btn"
                  disabled={false}
                  onClick={[Function]}
                  type="button"
                >
                  accept
                </button>
                <button
                  className="admin-table-btn reject-btn"
                  disabled={false}
                  onClick={[Function]}
                  type="button"
                >
                  reject
                </button>
              </td>
              <td>
                <button
                  className="resolve-btn"
                  disabled={false}
                  onClick={[Function]}
                  type="button"
                >
                  resolve
                </button>
              </td>
            </tr>
            <tr>
              <td
                className="request-id"
              >
                50
              </td>
              <td>
                pending
              </td>
              <td>
                <p
                  className="request-title"
                >
                  Service the generator
                </p>
              </td>
              <td>
                <button
                  className="admin-table-btn accept-btn"
                  disabled={false}
                  onClick={[Function]}
                  type="button"
                >
                  accept
                </button>
                <button
                  className="admin-table-btn reject-btn"
                  disabled={false}
                  onClick={[Function]}
                  type="button"
                >
                  reject
                </button>
              </td>
              <td>
                <button
                  className="resolve-btn"
                  disabled={false}
                  onClick={[Function]}
                  type="button"
                >
                  resolve
                </button>
              </td>
            </tr>
            <tr>
              <td
                className="request-id"
              >
                48
              </td>
              <td>
                approved
              </td>
              <td>
                <p
                  className="request-title"
                >
                  Service the generator
                </p>
              </td>
              <td>
                <button
                  className="admin-table-btn accept-btn"
                  disabled={true}
                  onClick={[Function]}
                  type="button"
                >
                  accept
                </button>
                <button
                  className="admin-table-btn reject-btn"
                  disabled={false}
                  onClick={[Function]}
                  type="button"
                >
                  reject
                </button>
              </td>
              <td>
                <button
                  className="resolve-btn"
                  disabled={false}
                  onClick={[Function]}
                  type="button"
                >
                  resolve
                </button>
              </td>
            </tr>
            <tr>
              <td
                className="request-id"
              >
                49
              </td>
              <td>
                approved
              </td>
              <td>
                <p
                  className="request-title"
                >
                  Service the generator
                </p>
              </td>
              <td>
                <button
                  className="admin-table-btn accept-btn"
                  disabled={true}
                  onClick={[Function]}
                  type="button"
                >
                  accept
                </button>
                <button
                  className="admin-table-btn reject-btn"
                  disabled={false}
                  onClick={[Function]}
                  type="button"
                >
                  reject
                </button>
              </td>
              <td>
                <button
                  className="resolve-btn"
                  disabled={false}
                  onClick={[Function]}
                  type="button"
                >
                  resolve
                </button>
              </td>
            </tr>
          </tbody>
        </table>
      </div>
    </section>
  </main>
</div>
`;

exports[`Test for AdminDashBoard Should render properly on change and cick event 2`] = `
<div
  className="container"
>
  <header>
    <img
      alt="header logo"
      className="header-logo"
      src="test-file-stub"
    />
    <nav>
      <ul
        className="nav"
      >
        <li>
          <a
            className="btn nav-btn nav-link"
            href="/"
            onClick={[Function]}
          >
            Home
          </a>
        </li>
        <li>
          <a
            className="btn nav-btn nav-link"
            href="/undefined"
            onClick={[Function]}
          >
            Logout
          </a>
        </li>
      </ul>
    </nav>
  </header>
  <main>
    <section
      className="admin-container"
    >
      <nav
        className="admin-panel-1 background-tertiary text-primary admin-panel-1-text"
      >
        <p>
          Admin Panel
        </p>
        <p>
          Welcome, Admin 
          <span
            id="displayAdminUser"
          />
        </p>
        <p>
          <label
            htmlFor="filter-by"
          >
            Filter Requests
          </label>
          <select
            id="filter-by"
            name="filter-by"
            onChange={[Function]}
          >
            <option
              value="none"
            >
              none
            </option>
            <option
              value="approved"
            >
              approved
            </option>
            <option
              value="pending"
            >
              pending
            </option>
            <option
              value="rejected"
            >
              rejected
            </option>
            <option
              value="resolved"
            >
              resolved
            </option>
          </select>
        </p>
      </nav>
    </section>
    <section>
      <div
        className="table-container"
      >
        <table>
          <thead>
            <tr>
              <th>
                Request Id
              </th>
              <th>
                Status
              </th>
              <th>
                Request Title
              </th>
              <th>
                Action
              </th>
              <th>
                Resolved
              </th>
            </tr>
          </thead>
          <tbody>
            <tr>
              <td
                className="request-id"
              >
                47
              </td>
              <td>
                pending
              </td>
              <td>
                <p
                  className="request-title"
                >
                  Service the generator
                </p>
              </td>
              <td>
                <button
                  className="admin-table-btn accept-btn"
                  disabled={false}
                  onClick={[Function]}
                  type="button"
                >
                  accept
                </button>
                <button
                  className="admin-table-btn reject-btn"
                  disabled={false}
                  onClick={[Function]}
                  type="button"
                >
                  reject
                </button>
              </td>
              <td>
                <button
                  className="resolve-btn"
                  disabled={false}
                  onClick={[Function]}
                  type="button"
                >
                  resolve
                </button>
              </td>
            </tr>
            <tr>
              <td
                className="request-id"
              >
                50
              </td>
              <td>
                pending
              </td>
              <td>
                <p
                  className="request-title"
                >
                  Service the generator
                </p>
              </td>
              <td>
                <button
                  className="admin-table-btn accept-btn"
                  disabled={false}
                  onClick={[Function]}
                  type="button"
                >
                  accept
                </button>
                <button
                  className="admin-table-btn reject-btn"
                  disabled={false}
                  onClick={[Function]}
                  type="button"
                >
                  reject
                </button>
              </td>
              <td>
                <button
                  className="resolve-btn"
                  disabled={false}
                  onClick={[Function]}
                  type="button"
                >
                  resolve
                </button>
              </td>
            </tr>
            <tr>
              <td
                className="request-id"
              >
                48
              </td>
              <td>
                approved
              </td>
              <td>
                <p
                  className="request-title"
                >
                  Service the generator
                </p>
              </td>
              <td>
                <button
                  className="admin-table-btn accept-btn"
                  disabled={true}
                  onClick={[Function]}
                  type="button"
                >
                  accept
                </button>
                <button
                  className="admin-table-btn reject-btn"
                  disabled={false}
                  onClick={[Function]}
                  type="button"
                >
                  reject
                </button>
              </td>
              <td>
                <button
                  className="resolve-btn"
                  disabled={false}
                  onClick={[Function]}
                  type="button"
                >
                  resolve
                </button>
              </td>
            </tr>
            <tr>
              <td
                className="request-id"
              >
                49
              </td>
              <td>
                approved
              </td>
              <td>
                <p
                  className="request-title"
                >
                  Service the generator
                </p>
              </td>
              <td>
                <button
                  className="admin-table-btn accept-btn"
                  disabled={true}
                  onClick={[Function]}
                  type="button"
                >
                  accept
                </button>
                <button
                  className="admin-table-btn reject-btn"
                  disabled={false}
                  onClick={[Function]}
                  type="button"
                >
                  reject
                </button>
              </td>
              <td>
                <button
                  className="resolve-btn"
                  disabled={false}
                  onClick={[Function]}
                  type="button"
                >
                  resolve
                </button>
              </td>
            </tr>
          </tbody>
        </table>
      </div>
    </section>
  </main>
</div>
`;

exports[`Test for AdminDashBoard Should render properly on change and cick event 3`] = `
<div
  className="container"
>
  <header>
    <img
      alt="header logo"
      className="header-logo"
      src="test-file-stub"
    />
    <nav>
      <ul
        className="nav"
      >
        <li>
          <a
            className="btn nav-btn nav-link"
            href="/"
            onClick={[Function]}
          >
            Home
          </a>
        </li>
        <li>
          <a
            className="btn nav-btn nav-link"
            href="/undefined"
            onClick={[Function]}
          >
            Logout
          </a>
        </li>
      </ul>
    </nav>
  </header>
  <main>
    <section
      className="admin-container"
    >
      <nav
        className="admin-panel-1 background-tertiary text-primary admin-panel-1-text"
      >
        <p>
          Admin Panel
        </p>
        <p>
          Welcome, Admin 
          <span
            id="displayAdminUser"
          />
        </p>
        <p>
          <label
            htmlFor="filter-by"
          >
            Filter Requests
          </label>
          <select
            id="filter-by"
            name="filter-by"
            onChange={[Function]}
          >
            <option
              value="none"
            >
              none
            </option>
            <option
              value="approved"
            >
              approved
            </option>
            <option
              value="pending"
            >
              pending
            </option>
            <option
              value="rejected"
            >
              rejected
            </option>
            <option
              value="resolved"
            >
              resolved
            </option>
          </select>
        </p>
      </nav>
    </section>
    <section>
      <div
        className="table-container"
      >
        <table>
          <thead>
            <tr>
              <th>
                Request Id
              </th>
              <th>
                Status
              </th>
              <th>
                Request Title
              </th>
              <th>
                Action
              </th>
              <th>
                Resolved
              </th>
            </tr>
          </thead>
          <tbody>
            <tr>
              <td
                className="request-id"
              >
                47
              </td>
              <td>
                pending
              </td>
              <td>
                <p
                  className="request-title"
                >
                  Service the generator
                </p>
              </td>
              <td>
                <button
                  className="admin-table-btn accept-btn"
                  disabled={false}
                  onClick={[Function]}
                  type="button"
                >
                  accept
                </button>
                <button
                  className="admin-table-btn reject-btn"
                  disabled={false}
                  onClick={[Function]}
                  type="button"
                >
                  reject
                </button>
              </td>
              <td>
                <button
                  className="resolve-btn"
                  disabled={false}
                  onClick={[Function]}
                  type="button"
                >
                  resolve
                </button>
              </td>
            </tr>
            <tr>
              <td
                className="request-id"
              >
                50
              </td>
              <td>
                pending
              </td>
              <td>
                <p
                  className="request-title"
                >
                  Service the generator
                </p>
              </td>
              <td>
                <button
                  className="admin-table-btn accept-btn"
                  disabled={false}
                  onClick={[Function]}
                  type="button"
                >
                  accept
                </button>
                <button
                  className="admin-table-btn reject-btn"
                  disabled={false}
                  onClick={[Function]}
                  type="button"
                >
                  reject
                </button>
              </td>
              <td>
                <button
                  className="resolve-btn"
                  disabled={false}
                  onClick={[Function]}
                  type="button"
                >
                  resolve
                </button>
              </td>
            </tr>
            <tr>
              <td
                className="request-id"
              >
                48
              </td>
              <td>
                approved
              </td>
              <td>
                <p
                  className="request-title"
                >
                  Service the generator
                </p>
              </td>
              <td>
                <button
                  className="admin-table-btn accept-btn"
                  disabled={true}
                  onClick={[Function]}
                  type="button"
                >
                  accept
                </button>
                <button
                  className="admin-table-btn reject-btn"
                  disabled={false}
                  onClick={[Function]}
                  type="button"
                >
                  reject
                </button>
              </td>
              <td>
                <button
                  className="resolve-btn"
                  disabled={false}
                  onClick={[Function]}
                  type="button"
                >
                  resolve
                </button>
              </td>
            </tr>
            <tr>
              <td
                className="request-id"
              >
                49
              </td>
              <td>
                approved
              </td>
              <td>
                <p
                  className="request-title"
                >
                  Service the generator
                </p>
              </td>
              <td>
                <button
                  className="admin-table-btn accept-btn"
                  disabled={true}
                  onClick={[Function]}
                  type="button"
                >
                  accept
                </button>
                <button
                  className="admin-table-btn reject-btn"
                  disabled={false}
                  onClick={[Function]}
                  type="button"
                >
                  reject
                </button>
              </td>
              <td>
                <button
                  className="resolve-btn"
                  disabled={false}
                  onClick={[Function]}
                  type="button"
                >
                  resolve
                </button>
              </td>
            </tr>
          </tbody>
        </table>
      </div>
    </section>
  </main>
</div>
`;

exports[`Test for AdminDashBoard Should render properly on change and cick event 4`] = `
<div
  className="container"
>
  <header>
    <img
      alt="header logo"
      className="header-logo"
      src="test-file-stub"
    />
    <nav>
      <ul
        className="nav"
      >
        <li>
          <a
            className="btn nav-btn nav-link"
            href="/"
            onClick={[Function]}
          >
            Home
          </a>
        </li>
        <li>
          <a
            className="btn nav-btn nav-link"
            href="/undefined"
            onClick={[Function]}
          >
            Logout
          </a>
        </li>
      </ul>
    </nav>
  </header>
  <main>
    <section
      className="admin-container"
    >
      <nav
        className="admin-panel-1 background-tertiary text-primary admin-panel-1-text"
      >
        <p>
          Admin Panel
        </p>
        <p>
          Welcome, Admin 
          <span
            id="displayAdminUser"
          />
        </p>
        <p>
          <label
            htmlFor="filter-by"
          >
            Filter Requests
          </label>
          <select
            id="filter-by"
            name="filter-by"
            onChange={[Function]}
          >
            <option
              value="none"
            >
              none
            </option>
            <option
              value="approved"
            >
              approved
            </option>
            <option
              value="pending"
            >
              pending
            </option>
            <option
              value="rejected"
            >
              rejected
            </option>
            <option
              value="resolved"
            >
              resolved
            </option>
          </select>
        </p>
      </nav>
    </section>
    <section>
      <div
        className="table-container"
      >
        <table>
          <thead>
            <tr>
              <th>
                Request Id
              </th>
              <th>
                Status
              </th>
              <th>
                Request Title
              </th>
              <th>
                Action
              </th>
              <th>
                Resolved
              </th>
            </tr>
          </thead>
          <tbody>
            <tr>
              <td
                className="request-id"
              >
                47
              </td>
              <td>
                pending
              </td>
              <td>
                <p
                  className="request-title"
                >
                  Service the generator
                </p>
              </td>
              <td>
                <button
                  className="admin-table-btn accept-btn"
                  disabled={false}
                  onClick={[Function]}
                  type="button"
                >
                  accept
                </button>
                <button
                  className="admin-table-btn reject-btn"
                  disabled={false}
                  onClick={[Function]}
                  type="button"
                >
                  reject
                </button>
              </td>
              <td>
                <button
                  className="resolve-btn"
                  disabled={false}
                  onClick={[Function]}
                  type="button"
                >
                  resolve
                </button>
              </td>
            </tr>
            <tr>
              <td
                className="request-id"
              >
                50
              </td>
              <td>
                pending
              </td>
              <td>
                <p
                  className="request-title"
                >
                  Service the generator
                </p>
              </td>
              <td>
                <button
                  className="admin-table-btn accept-btn"
                  disabled={false}
                  onClick={[Function]}
                  type="button"
                >
                  accept
                </button>
                <button
                  className="admin-table-btn reject-btn"
                  disabled={false}
                  onClick={[Function]}
                  type="button"
                >
                  reject
                </button>
              </td>
              <td>
                <button
                  className="resolve-btn"
                  disabled={false}
                  onClick={[Function]}
                  type="button"
                >
                  resolve
                </button>
              </td>
            </tr>
            <tr>
              <td
                className="request-id"
              >
                48
              </td>
              <td>
                approved
              </td>
              <td>
                <p
                  className="request-title"
                >
                  Service the generator
                </p>
              </td>
              <td>
                <button
                  className="admin-table-btn accept-btn"
                  disabled={true}
                  onClick={[Function]}
                  type="button"
                >
                  accept
                </button>
                <button
                  className="admin-table-btn reject-btn"
                  disabled={false}
                  onClick={[Function]}
                  type="button"
                >
                  reject
                </button>
              </td>
              <td>
                <button
                  className="resolve-btn"
                  disabled={false}
                  onClick={[Function]}
                  type="button"
                >
                  resolve
                </button>
              </td>
            </tr>
            <tr>
              <td
                className="request-id"
              >
                49
              </td>
              <td>
                approved
              </td>
              <td>
                <p
                  className="request-title"
                >
                  Service the generator
                </p>
              </td>
              <td>
                <button
                  className="admin-table-btn accept-btn"
                  disabled={true}
                  onClick={[Function]}
                  type="button"
                >
                  accept
                </button>
                <button
                  className="admin-table-btn reject-btn"
                  disabled={false}
                  onClick={[Function]}
                  type="button"
                >
                  reject
                </button>
              </td>
              <td>
                <button
                  className="resolve-btn"
                  disabled={false}
                  onClick={[Function]}
                  type="button"
                >
                  resolve
                </button>
              </td>
            </tr>
          </tbody>
        </table>
      </div>
    </section>
  </main>
</div>
`;

exports[`Test for AdminDashBoard Should render properly on change and cick event 5`] = `
<div
  className="container"
>
  <header>
    <img
      alt="header logo"
      className="header-logo"
      src="test-file-stub"
    />
    <nav>
      <ul
        className="nav"
      >
        <li>
          <a
            className="btn nav-btn nav-link"
            href="/"
            onClick={[Function]}
          >
            Home
          </a>
        </li>
        <li>
          <a
            className="btn nav-btn nav-link"
            href="/undefined"
            onClick={[Function]}
          >
            Logout
          </a>
        </li>
      </ul>
    </nav>
  </header>
  <main>
    <section
      className="admin-container"
    >
      <nav
        className="admin-panel-1 background-tertiary text-primary admin-panel-1-text"
      >
        <p>
          Admin Panel
        </p>
        <p>
          Welcome, Admin 
          <span
            id="displayAdminUser"
          />
        </p>
        <p>
          <label
            htmlFor="filter-by"
          >
            Filter Requests
          </label>
          <select
            id="filter-by"
            name="filter-by"
            onChange={[Function]}
          >
            <option
              value="none"
            >
              none
            </option>
            <option
              value="approved"
            >
              approved
            </option>
            <option
              value="pending"
            >
              pending
            </option>
            <option
              value="rejected"
            >
              rejected
            </option>
            <option
              value="resolved"
            >
              resolved
            </option>
          </select>
        </p>
      </nav>
    </section>
    <section>
      <div
        className="table-container"
      >
        <table>
          <thead>
            <tr>
              <th>
                Request Id
              </th>
              <th>
                Status
              </th>
              <th>
                Request Title
              </th>
              <th>
                Action
              </th>
              <th>
                Resolved
              </th>
            </tr>
          </thead>
          <tbody>
            <tr>
              <td
                className="request-id"
              >
                47
              </td>
              <td>
                pending
              </td>
              <td>
                <p
                  className="request-title"
                >
                  Service the generator
                </p>
              </td>
              <td>
                <button
                  className="admin-table-btn accept-btn"
                  disabled={false}
                  onClick={[Function]}
                  type="button"
                >
                  accept
                </button>
                <button
                  className="admin-table-btn reject-btn"
                  disabled={false}
                  onClick={[Function]}
                  type="button"
                >
                  reject
                </button>
              </td>
              <td>
                <button
                  className="resolve-btn"
                  disabled={false}
                  onClick={[Function]}
                  type="button"
                >
                  resolve
                </button>
              </td>
            </tr>
            <tr>
              <td
                className="request-id"
              >
                50
              </td>
              <td>
                pending
              </td>
              <td>
                <p
                  className="request-title"
                >
                  Service the generator
                </p>
              </td>
              <td>
                <button
                  className="admin-table-btn accept-btn"
                  disabled={false}
                  onClick={[Function]}
                  type="button"
                >
                  accept
                </button>
                <button
                  className="admin-table-btn reject-btn"
                  disabled={false}
                  onClick={[Function]}
                  type="button"
                >
                  reject
                </button>
              </td>
              <td>
                <button
                  className="resolve-btn"
                  disabled={false}
                  onClick={[Function]}
                  type="button"
                >
                  resolve
                </button>
              </td>
            </tr>
            <tr>
              <td
                className="request-id"
              >
                48
              </td>
              <td>
                approved
              </td>
              <td>
                <p
                  className="request-title"
                >
                  Service the generator
                </p>
              </td>
              <td>
                <button
                  className="admin-table-btn accept-btn"
                  disabled={true}
                  onClick={[Function]}
                  type="button"
                >
                  accept
                </button>
                <button
                  className="admin-table-btn reject-btn"
                  disabled={false}
                  onClick={[Function]}
                  type="button"
                >
                  reject
                </button>
              </td>
              <td>
                <button
                  className="resolve-btn"
                  disabled={false}
                  onClick={[Function]}
                  type="button"
                >
                  resolve
                </button>
              </td>
            </tr>
            <tr>
              <td
                className="request-id"
              >
                49
              </td>
              <td>
                approved
              </td>
              <td>
                <p
                  className="request-title"
                >
                  Service the generator
                </p>
              </td>
              <td>
                <button
                  className="admin-table-btn accept-btn"
                  disabled={true}
                  onClick={[Function]}
                  type="button"
                >
                  accept
                </button>
                <button
                  className="admin-table-btn reject-btn"
                  disabled={false}
                  onClick={[Function]}
                  type="button"
                >
                  reject
                </button>
              </td>
              <td>
                <button
                  className="resolve-btn"
                  disabled={false}
                  onClick={[Function]}
                  type="button"
                >
                  resolve
                </button>
              </td>
            </tr>
          </tbody>
        </table>
      </div>
    </section>
  </main>
</div>
`;

exports[`Test for AdminDashBoard Should render properly on change and click event with request object 1`] = `
<div
  className="container"
>
  <header>
    <img
      alt="header logo"
      className="header-logo"
      src="test-file-stub"
    />
    <nav>
      <ul
        className="nav"
      >
        <li>
          <a
            className="btn nav-btn nav-link"
            href="/"
            onClick={[Function]}
          >
            Home
          </a>
        </li>
        <li>
          <a
            className="btn nav-btn nav-link"
            href="/undefined"
            onClick={[Function]}
          >
            Logout
          </a>
        </li>
      </ul>
    </nav>
  </header>
  <main>
    <section
      className="admin-container"
    >
      <nav
        className="admin-panel-1 background-tertiary text-primary admin-panel-1-text"
      >
        <p>
          Admin Panel
        </p>
        <p>
          Welcome, Admin 
          <span
            id="displayAdminUser"
          />
        </p>
        <p>
          <label
            htmlFor="filter-by"
          >
            Filter Requests
          </label>
          <select
            id="filter-by"
            name="filter-by"
            onChange={[Function]}
          >
            <option
              value="none"
            >
              none
            </option>
            <option
              value="approved"
            >
              approved
            </option>
            <option
              value="pending"
            >
              pending
            </option>
            <option
              value="rejected"
            >
              rejected
            </option>
            <option
              value="resolved"
            >
              resolved
            </option>
          </select>
        </p>
      </nav>
    </section>
    <section>
      <div
        className="table-container"
      >
        <table>
          <thead>
            <tr>
              <th>
                Request Id
              </th>
              <th>
                Status
              </th>
              <th>
                Request Title
              </th>
              <th>
                Action
              </th>
              <th>
                Resolved
              </th>
            </tr>
          </thead>
          <tbody>
            <tr>
              <td
                className="request-id"
              >
                47
              </td>
              <td>
                pending
              </td>
              <td>
                <p
                  className="request-title"
                >
                  Service the generator
                </p>
              </td>
              <td>
                <button
                  className="admin-table-btn accept-btn"
                  disabled={false}
                  onClick={[Function]}
                  type="button"
                >
                  accept
                </button>
                <button
                  className="admin-table-btn reject-btn"
                  disabled={false}
                  onClick={[Function]}
                  type="button"
                >
                  reject
                </button>
              </td>
              <td>
                <button
                  className="resolve-btn"
                  disabled={false}
                  onClick={[Function]}
                  type="button"
                >
                  resolve
                </button>
              </td>
            </tr>
            <tr>
              <td
                className="request-id"
              >
                50
              </td>
              <td>
                pending
              </td>
              <td>
                <p
                  className="request-title"
                >
                  Service the generator
                </p>
              </td>
              <td>
                <button
                  className="admin-table-btn accept-btn"
                  disabled={false}
                  onClick={[Function]}
                  type="button"
                >
                  accept
                </button>
                <button
                  className="admin-table-btn reject-btn"
                  disabled={false}
                  onClick={[Function]}
                  type="button"
                >
                  reject
                </button>
              </td>
              <td>
                <button
                  className="resolve-btn"
                  disabled={false}
                  onClick={[Function]}
                  type="button"
                >
                  resolve
                </button>
              </td>
            </tr>
            <tr>
              <td
                className="request-id"
              >
                48
              </td>
              <td>
                approved
              </td>
              <td>
                <p
                  className="request-title"
                >
                  Service the generator
                </p>
              </td>
              <td>
                <button
                  className="admin-table-btn accept-btn"
                  disabled={true}
                  onClick={[Function]}
                  type="button"
                >
                  accept
                </button>
                <button
                  className="admin-table-btn reject-btn"
                  disabled={false}
                  onClick={[Function]}
                  type="button"
                >
                  reject
                </button>
              </td>
              <td>
                <button
                  className="resolve-btn"
                  disabled={false}
                  onClick={[Function]}
                  type="button"
                >
                  resolve
                </button>
              </td>
            </tr>
            <tr>
              <td
                className="request-id"
              >
                49
              </td>
              <td>
                approved
              </td>
              <td>
                <p
                  className="request-title"
                >
                  Service the generator
                </p>
              </td>
              <td>
                <button
                  className="admin-table-btn accept-btn"
                  disabled={true}
                  onClick={[Function]}
                  type="button"
                >
                  accept
                </button>
                <button
                  className="admin-table-btn reject-btn"
                  disabled={false}
                  onClick={[Function]}
                  type="button"
                >
                  reject
                </button>
              </td>
              <td>
                <button
                  className="resolve-btn"
                  disabled={false}
                  onClick={[Function]}
                  type="button"
                >
                  resolve
                </button>
              </td>
            </tr>
          </tbody>
        </table>
      </div>
    </section>
  </main>
</div>
`;

exports[`Test for AdminDashBoard Should render properly on change and click event with request object 2`] = `
<div
  className="container"
>
  <header>
    <img
      alt="header logo"
      className="header-logo"
      src="test-file-stub"
    />
    <nav>
      <ul
        className="nav"
      >
        <li>
          <a
            className="btn nav-btn nav-link"
            href="/"
            onClick={[Function]}
          >
            Home
          </a>
        </li>
        <li>
          <a
            className="btn nav-btn nav-link"
            href="/undefined"
            onClick={[Function]}
          >
            Logout
          </a>
        </li>
      </ul>
    </nav>
  </header>
  <main>
    <section
      className="admin-container"
    >
      <nav
        className="admin-panel-1 background-tertiary text-primary admin-panel-1-text"
      >
        <p>
          Admin Panel
        </p>
        <p>
          Welcome, Admin 
          <span
            id="displayAdminUser"
          />
        </p>
        <p>
          <label
            htmlFor="filter-by"
          >
            Filter Requests
          </label>
          <select
            id="filter-by"
            name="filter-by"
            onChange={[Function]}
          >
            <option
              value="none"
            >
              none
            </option>
            <option
              value="approved"
            >
              approved
            </option>
            <option
              value="pending"
            >
              pending
            </option>
            <option
              value="rejected"
            >
              rejected
            </option>
            <option
              value="resolved"
            >
              resolved
            </option>
          </select>
        </p>
      </nav>
    </section>
    <section>
      <div
        className="table-container"
      >
        <table>
          <thead>
            <tr>
              <th>
                Request Id
              </th>
              <th>
                Status
              </th>
              <th>
                Request Title
              </th>
              <th>
                Action
              </th>
              <th>
                Resolved
              </th>
            </tr>
          </thead>
          <tbody>
            <tr>
              <td
                className="request-id"
              >
                47
              </td>
              <td>
                pending
              </td>
              <td>
                <p
                  className="request-title"
                >
                  Service the generator
                </p>
              </td>
              <td>
                <button
                  className="admin-table-btn accept-btn"
                  disabled={false}
                  onClick={[Function]}
                  type="button"
                >
                  accept
                </button>
                <button
                  className="admin-table-btn reject-btn"
                  disabled={false}
                  onClick={[Function]}
                  type="button"
                >
                  reject
                </button>
              </td>
              <td>
                <button
                  className="resolve-btn"
                  disabled={false}
                  onClick={[Function]}
                  type="button"
                >
                  resolve
                </button>
              </td>
            </tr>
            <tr>
              <td
                className="request-id"
              >
                50
              </td>
              <td>
                pending
              </td>
              <td>
                <p
                  className="request-title"
                >
                  Service the generator
                </p>
              </td>
              <td>
                <button
                  className="admin-table-btn accept-btn"
                  disabled={false}
                  onClick={[Function]}
                  type="button"
                >
                  accept
                </button>
                <button
                  className="admin-table-btn reject-btn"
                  disabled={false}
                  onClick={[Function]}
                  type="button"
                >
                  reject
                </button>
              </td>
              <td>
                <button
                  className="resolve-btn"
                  disabled={false}
                  onClick={[Function]}
                  type="button"
                >
                  resolve
                </button>
              </td>
            </tr>
            <tr>
              <td
                className="request-id"
              >
                48
              </td>
              <td>
                approved
              </td>
              <td>
                <p
                  className="request-title"
                >
                  Service the generator
                </p>
              </td>
              <td>
                <button
                  className="admin-table-btn accept-btn"
                  disabled={true}
                  onClick={[Function]}
                  type="button"
                >
                  accept
                </button>
                <button
                  className="admin-table-btn reject-btn"
                  disabled={false}
                  onClick={[Function]}
                  type="button"
                >
                  reject
                </button>
              </td>
              <td>
                <button
                  className="resolve-btn"
                  disabled={false}
                  onClick={[Function]}
                  type="button"
                >
                  resolve
                </button>
              </td>
            </tr>
            <tr>
              <td
                className="request-id"
              >
                49
              </td>
              <td>
                approved
              </td>
              <td>
                <p
                  className="request-title"
                >
                  Service the generator
                </p>
              </td>
              <td>
                <button
                  className="admin-table-btn accept-btn"
                  disabled={true}
                  onClick={[Function]}
                  type="button"
                >
                  accept
                </button>
                <button
                  className="admin-table-btn reject-btn"
                  disabled={false}
                  onClick={[Function]}
                  type="button"
                >
                  reject
                </button>
              </td>
              <td>
                <button
                  className="resolve-btn"
                  disabled={false}
                  onClick={[Function]}
                  type="button"
                >
                  resolve
                </button>
              </td>
            </tr>
          </tbody>
        </table>
      </div>
    </section>
  </main>
</div>
`;

exports[`Test for AdminDashBoard Should render properly on change and click event with request object 3`] = `
<div
  className="container"
>
  <header>
    <img
      alt="header logo"
      className="header-logo"
      src="test-file-stub"
    />
    <nav>
      <ul
        className="nav"
      >
        <li>
          <a
            className="btn nav-btn nav-link"
            href="/"
            onClick={[Function]}
          >
            Home
          </a>
        </li>
        <li>
          <a
            className="btn nav-btn nav-link"
            href="/undefined"
            onClick={[Function]}
          >
            Logout
          </a>
        </li>
      </ul>
    </nav>
  </header>
  <main>
    <section
      className="admin-container"
    >
      <nav
        className="admin-panel-1 background-tertiary text-primary admin-panel-1-text"
      >
        <p>
          Admin Panel
        </p>
        <p>
          Welcome, Admin 
          <span
            id="displayAdminUser"
          />
        </p>
        <p>
          <label
            htmlFor="filter-by"
          >
            Filter Requests
          </label>
          <select
            id="filter-by"
            name="filter-by"
            onChange={[Function]}
          >
            <option
              value="none"
            >
              none
            </option>
            <option
              value="approved"
            >
              approved
            </option>
            <option
              value="pending"
            >
              pending
            </option>
            <option
              value="rejected"
            >
              rejected
            </option>
            <option
              value="resolved"
            >
              resolved
            </option>
          </select>
        </p>
      </nav>
    </section>
    <section>
      <div
        className="table-container"
      >
        <table>
          <thead>
            <tr>
              <th>
                Request Id
              </th>
              <th>
                Status
              </th>
              <th>
                Request Title
              </th>
              <th>
                Action
              </th>
              <th>
                Resolved
              </th>
            </tr>
          </thead>
          <tbody>
            <tr>
              <td
                className="request-id"
              >
                47
              </td>
              <td>
                pending
              </td>
              <td>
                <p
                  className="request-title"
                >
                  Service the generator
                </p>
              </td>
              <td>
                <button
                  className="admin-table-btn accept-btn"
                  disabled={false}
                  onClick={[Function]}
                  type="button"
                >
                  accept
                </button>
                <button
                  className="admin-table-btn reject-btn"
                  disabled={false}
                  onClick={[Function]}
                  type="button"
                >
                  reject
                </button>
              </td>
              <td>
                <button
                  className="resolve-btn"
                  disabled={false}
                  onClick={[Function]}
                  type="button"
                >
                  resolve
                </button>
              </td>
            </tr>
            <tr>
              <td
                className="request-id"
              >
                50
              </td>
              <td>
                pending
              </td>
              <td>
                <p
                  className="request-title"
                >
                  Service the generator
                </p>
              </td>
              <td>
                <button
                  className="admin-table-btn accept-btn"
                  disabled={false}
                  onClick={[Function]}
                  type="button"
                >
                  accept
                </button>
                <button
                  className="admin-table-btn reject-btn"
                  disabled={false}
                  onClick={[Function]}
                  type="button"
                >
                  reject
                </button>
              </td>
              <td>
                <button
                  className="resolve-btn"
                  disabled={false}
                  onClick={[Function]}
                  type="button"
                >
                  resolve
                </button>
              </td>
            </tr>
            <tr>
              <td
                className="request-id"
              >
                48
              </td>
              <td>
                approved
              </td>
              <td>
                <p
                  className="request-title"
                >
                  Service the generator
                </p>
              </td>
              <td>
                <button
                  className="admin-table-btn accept-btn"
                  disabled={true}
                  onClick={[Function]}
                  type="button"
                >
                  accept
                </button>
                <button
                  className="admin-table-btn reject-btn"
                  disabled={false}
                  onClick={[Function]}
                  type="button"
                >
                  reject
                </button>
              </td>
              <td>
                <button
                  className="resolve-btn"
                  disabled={false}
                  onClick={[Function]}
                  type="button"
                >
                  resolve
                </button>
              </td>
            </tr>
            <tr>
              <td
                className="request-id"
              >
                49
              </td>
              <td>
                approved
              </td>
              <td>
                <p
                  className="request-title"
                >
                  Service the generator
                </p>
              </td>
              <td>
                <button
                  className="admin-table-btn accept-btn"
                  disabled={true}
                  onClick={[Function]}
                  type="button"
                >
                  accept
                </button>
                <button
                  className="admin-table-btn reject-btn"
                  disabled={false}
                  onClick={[Function]}
                  type="button"
                >
                  reject
                </button>
              </td>
              <td>
                <button
                  className="resolve-btn"
                  disabled={false}
                  onClick={[Function]}
                  type="button"
                >
                  resolve
                </button>
              </td>
            </tr>
          </tbody>
        </table>
      </div>
    </section>
  </main>
</div>
`;

exports[`Test for AdminDashBoard Should render properly on change and click event with request object 4`] = `
<div
  className="container"
>
  <header>
    <img
      alt="header logo"
      className="header-logo"
      src="test-file-stub"
    />
    <nav>
      <ul
        className="nav"
      >
        <li>
          <a
            className="btn nav-btn nav-link"
            href="/"
            onClick={[Function]}
          >
            Home
          </a>
        </li>
        <li>
          <a
            className="btn nav-btn nav-link"
            href="/undefined"
            onClick={[Function]}
          >
            Logout
          </a>
        </li>
      </ul>
    </nav>
  </header>
  <main>
    <section
      className="admin-container"
    >
      <nav
        className="admin-panel-1 background-tertiary text-primary admin-panel-1-text"
      >
        <p>
          Admin Panel
        </p>
        <p>
          Welcome, Admin 
          <span
            id="displayAdminUser"
          />
        </p>
        <p>
          <label
            htmlFor="filter-by"
          >
            Filter Requests
          </label>
          <select
            id="filter-by"
            name="filter-by"
            onChange={[Function]}
          >
            <option
              value="none"
            >
              none
            </option>
            <option
              value="approved"
            >
              approved
            </option>
            <option
              value="pending"
            >
              pending
            </option>
            <option
              value="rejected"
            >
              rejected
            </option>
            <option
              value="resolved"
            >
              resolved
            </option>
          </select>
        </p>
      </nav>
    </section>
    <section>
      <div
        className="table-container"
      >
        <table>
          <thead>
            <tr>
              <th>
                Request Id
              </th>
              <th>
                Status
              </th>
              <th>
                Request Title
              </th>
              <th>
                Action
              </th>
              <th>
                Resolved
              </th>
            </tr>
          </thead>
          <tbody>
            <tr>
              <td
                className="request-id"
              >
                47
              </td>
              <td>
                pending
              </td>
              <td>
                <p
                  className="request-title"
                >
                  Service the generator
                </p>
              </td>
              <td>
                <button
                  className="admin-table-btn accept-btn"
                  disabled={false}
                  onClick={[Function]}
                  type="button"
                >
                  accept
                </button>
                <button
                  className="admin-table-btn reject-btn"
                  disabled={false}
                  onClick={[Function]}
                  type="button"
                >
                  reject
                </button>
              </td>
              <td>
                <button
                  className="resolve-btn"
                  disabled={false}
                  onClick={[Function]}
                  type="button"
                >
                  resolve
                </button>
              </td>
            </tr>
            <tr>
              <td
                className="request-id"
              >
                50
              </td>
              <td>
                pending
              </td>
              <td>
                <p
                  className="request-title"
                >
                  Service the generator
                </p>
              </td>
              <td>
                <button
                  className="admin-table-btn accept-btn"
                  disabled={false}
                  onClick={[Function]}
                  type="button"
                >
                  accept
                </button>
                <button
                  className="admin-table-btn reject-btn"
                  disabled={false}
                  onClick={[Function]}
                  type="button"
                >
                  reject
                </button>
              </td>
              <td>
                <button
                  className="resolve-btn"
                  disabled={false}
                  onClick={[Function]}
                  type="button"
                >
                  resolve
                </button>
              </td>
            </tr>
            <tr>
              <td
                className="request-id"
              >
                48
              </td>
              <td>
                approved
              </td>
              <td>
                <p
                  className="request-title"
                >
                  Service the generator
                </p>
              </td>
              <td>
                <button
                  className="admin-table-btn accept-btn"
                  disabled={true}
                  onClick={[Function]}
                  type="button"
                >
                  accept
                </button>
                <button
                  className="admin-table-btn reject-btn"
                  disabled={false}
                  onClick={[Function]}
                  type="button"
                >
                  reject
                </button>
              </td>
              <td>
                <button
                  className="resolve-btn"
                  disabled={false}
                  onClick={[Function]}
                  type="button"
                >
                  resolve
                </button>
              </td>
            </tr>
            <tr>
              <td
                className="request-id"
              >
                49
              </td>
              <td>
                approved
              </td>
              <td>
                <p
                  className="request-title"
                >
                  Service the generator
                </p>
              </td>
              <td>
                <button
                  className="admin-table-btn accept-btn"
                  disabled={true}
                  onClick={[Function]}
                  type="button"
                >
                  accept
                </button>
                <button
                  className="admin-table-btn reject-btn"
                  disabled={false}
                  onClick={[Function]}
                  type="button"
                >
                  reject
                </button>
              </td>
              <td>
                <button
                  className="resolve-btn"
                  disabled={false}
                  onClick={[Function]}
                  type="button"
                >
                  resolve
                </button>
              </td>
            </tr>
          </tbody>
        </table>
      </div>
    </section>
  </main>
</div>
`;

exports[`Test for AdminDashBoard Should render properly on change and click event with request object 5`] = `
<div
  className="container"
>
  <header>
    <img
      alt="header logo"
      className="header-logo"
      src="test-file-stub"
    />
    <nav>
      <ul
        className="nav"
      >
        <li>
          <a
            className="btn nav-btn nav-link"
            href="/"
            onClick={[Function]}
          >
            Home
          </a>
        </li>
        <li>
          <a
            className="btn nav-btn nav-link"
            href="/undefined"
            onClick={[Function]}
          >
            Logout
          </a>
        </li>
      </ul>
    </nav>
  </header>
  <main>
    <section
      className="admin-container"
    >
      <nav
        className="admin-panel-1 background-tertiary text-primary admin-panel-1-text"
      >
        <p>
          Admin Panel
        </p>
        <p>
          Welcome, Admin 
          <span
            id="displayAdminUser"
          />
        </p>
        <p>
          <label
            htmlFor="filter-by"
          >
            Filter Requests
          </label>
          <select
            id="filter-by"
            name="filter-by"
            onChange={[Function]}
          >
            <option
              value="none"
            >
              none
            </option>
            <option
              value="approved"
            >
              approved
            </option>
            <option
              value="pending"
            >
              pending
            </option>
            <option
              value="rejected"
            >
              rejected
            </option>
            <option
              value="resolved"
            >
              resolved
            </option>
          </select>
        </p>
      </nav>
    </section>
    <section>
      <div
        className="table-container"
      >
        <table>
          <thead>
            <tr>
              <th>
                Request Id
              </th>
              <th>
                Status
              </th>
              <th>
                Request Title
              </th>
              <th>
                Action
              </th>
              <th>
                Resolved
              </th>
            </tr>
          </thead>
          <tbody>
            <tr>
              <td
                className="request-id"
              >
                47
              </td>
              <td>
                pending
              </td>
              <td>
                <p
                  className="request-title"
                >
                  Service the generator
                </p>
              </td>
              <td>
                <button
                  className="admin-table-btn accept-btn"
                  disabled={false}
                  onClick={[Function]}
                  type="button"
                >
                  accept
                </button>
                <button
                  className="admin-table-btn reject-btn"
                  disabled={false}
                  onClick={[Function]}
                  type="button"
                >
                  reject
                </button>
              </td>
              <td>
                <button
                  className="resolve-btn"
                  disabled={false}
                  onClick={[Function]}
                  type="button"
                >
                  resolve
                </button>
              </td>
            </tr>
            <tr>
              <td
                className="request-id"
              >
                50
              </td>
              <td>
                pending
              </td>
              <td>
                <p
                  className="request-title"
                >
                  Service the generator
                </p>
              </td>
              <td>
                <button
                  className="admin-table-btn accept-btn"
                  disabled={false}
                  onClick={[Function]}
                  type="button"
                >
                  accept
                </button>
                <button
                  className="admin-table-btn reject-btn"
                  disabled={false}
                  onClick={[Function]}
                  type="button"
                >
                  reject
                </button>
              </td>
              <td>
                <button
                  className="resolve-btn"
                  disabled={false}
                  onClick={[Function]}
                  type="button"
                >
                  resolve
                </button>
              </td>
            </tr>
            <tr>
              <td
                className="request-id"
              >
                48
              </td>
              <td>
                approved
              </td>
              <td>
                <p
                  className="request-title"
                >
                  Service the generator
                </p>
              </td>
              <td>
                <button
                  className="admin-table-btn accept-btn"
                  disabled={true}
                  onClick={[Function]}
                  type="button"
                >
                  accept
                </button>
                <button
                  className="admin-table-btn reject-btn"
                  disabled={false}
                  onClick={[Function]}
                  type="button"
                >
                  reject
                </button>
              </td>
              <td>
                <button
                  className="resolve-btn"
                  disabled={false}
                  onClick={[Function]}
                  type="button"
                >
                  resolve
                </button>
              </td>
            </tr>
            <tr>
              <td
                className="request-id"
              >
                49
              </td>
              <td>
                approved
              </td>
              <td>
                <p
                  className="request-title"
                >
                  Service the generator
                </p>
              </td>
              <td>
                <button
                  className="admin-table-btn accept-btn"
                  disabled={true}
                  onClick={[Function]}
                  type="button"
                >
                  accept
                </button>
                <button
                  className="admin-table-btn reject-btn"
                  disabled={false}
                  onClick={[Function]}
                  type="button"
                >
                  reject
                </button>
              </td>
              <td>
                <button
                  className="resolve-btn"
                  disabled={false}
                  onClick={[Function]}
                  type="button"
                >
                  resolve
                </button>
              </td>
            </tr>
          </tbody>
        </table>
      </div>
    </section>
  </main>
</div>
`;
